,GREET.ASM, Copyright 2014 Boro Sitnikovskiab¢6Ñ%4HHPP